C:/Nx_TCP_Echo_Client _Copie/FSBL/Core/Src/stm32n6xx_it.c:71:6:NMI_Handler	4	static
C:/Nx_TCP_Echo_Client _Copie/FSBL/Core/Src/stm32n6xx_it.c:86:6:HardFault_Handler	4	static
C:/Nx_TCP_Echo_Client _Copie/FSBL/Core/Src/stm32n6xx_it.c:101:6:MemManage_Handler	4	static
C:/Nx_TCP_Echo_Client _Copie/FSBL/Core/Src/stm32n6xx_it.c:116:6:BusFault_Handler	4	static
C:/Nx_TCP_Echo_Client _Copie/FSBL/Core/Src/stm32n6xx_it.c:131:6:UsageFault_Handler	4	static
C:/Nx_TCP_Echo_Client _Copie/FSBL/Core/Src/stm32n6xx_it.c:146:6:SecureFault_Handler	4	static
C:/Nx_TCP_Echo_Client _Copie/FSBL/Core/Src/stm32n6xx_it.c:161:6:DebugMon_Handler	4	static
C:/Nx_TCP_Echo_Client _Copie/FSBL/Core/Src/stm32n6xx_it.c:181:6:TIM6_IRQHandler	8	static
C:/Nx_TCP_Echo_Client _Copie/FSBL/Core/Src/stm32n6xx_it.c:195:6:ETH1_IRQHandler	8	static
