../../../Drivers/STM32N6xx_HAL_Driver/Inc/stm32n6xx_ll_bus.h:1407:22:LL_AHB4_GRP1_EnableClock	24	static
../../../Drivers/STM32N6xx_HAL_Driver/Inc/stm32n6xx_ll_bus.h:1755:22:LL_AHB5_GRP1_EnableClock	24	static
../../../Drivers/STM32N6xx_HAL_Driver/Inc/stm32n6xx_ll_bus.h:1891:22:LL_AHB5_GRP1_DisableClock	16	static
../../../Drivers/STM32N6xx_HAL_Driver/Inc/stm32n6xx_ll_bus.h:2273:22:LL_APB1_GRP1_EnableClock	24	static
../../../Drivers/STM32N6xx_HAL_Driver/Inc/stm32n6xx_ll_bus.h:2403:22:LL_APB1_GRP1_DisableClock	16	static
../../../Drivers/STM32N6xx_HAL_Driver/Inc/stm32n6xx_ll_bus.h:2909:22:LL_APB2_GRP1_EnableClock	24	static
../../../Drivers/STM32N6xx_HAL_Driver/Inc/stm32n6xx_ll_bus.h:2997:22:LL_APB2_GRP1_DisableClock	16	static
C:/Nx_TCP_Echo_Client _Copie/FSBL/Core/Src/stm32n6xx_hal_msp.c:16:6:HAL_MspInit	8	static
C:/Nx_TCP_Echo_Client _Copie/FSBL/Core/Src/stm32n6xx_hal_msp.c:24:6:HAL_ETH_MspInit	440	static
C:/Nx_TCP_Echo_Client _Copie/FSBL/Core/Src/stm32n6xx_hal_msp.c:67:6:HAL_ETH_MspDeInit	16	static
C:/Nx_TCP_Echo_Client _Copie/FSBL/Core/Src/stm32n6xx_hal_msp.c:89:6:HAL_I2C_MspInit	440	static
C:/Nx_TCP_Echo_Client _Copie/FSBL/Core/Src/stm32n6xx_hal_msp.c:129:6:HAL_I2C_MspDeInit	16	static
C:/Nx_TCP_Echo_Client _Copie/FSBL/Core/Src/stm32n6xx_hal_msp.c:143:6:HAL_UART_MspInit	440	static
C:/Nx_TCP_Echo_Client _Copie/FSBL/Core/Src/stm32n6xx_hal_msp.c:175:6:HAL_UART_MspDeInit	16	static
